Login Success
AVAILABLE USERS ERROR MESSAGE: Schema hasn't been registered for model "Project".
Use mongoose.model(name, schema)
Attempting to delete project: 69c2e65bfad34605cbc1845d
DELETE PROJ RESULT: { success: true, message: 'Project deleted successfully' }
